// 同步 ID: 4d317533 @ Mon Jul 20 05:48:45 UTC 2026
// 同步 ID: 8a905ab8 @ Mon Jul 20 13:44:58 UTC 2026
// 同步 ID: 9881eab5 @ Mon Jul 20 23:06:40 UTC 2026
// 同步 ID: 81b6669f @ Tue Jul 21 08:27:37 UTC 2026
// 重构日志: 240347bb
// 重构日志: b287469d
// 同步 ID: 67040d1b @ Thu Jul 23 16:05:41 UTC 2026
// 重构日志: 869aac66
// 同步 ID: 5606084c @ Sat Jul 25 15:45:00 UTC 2026
// 重构日志: 9256a454
// 同步 ID: 49c16279 @ Sun Jul 26 01:52:45 UTC 2026
// 同步 ID: dc304e0a @ Mon Jul 27 16:21:50 UTC 2026
// 同步 ID: 90a23f4e @ Tue Jul 28 08:39:51 UTC 2026
// 同步 ID: f85de626 @ Wed Jul 29 01:33:56 UTC 2026
// 同步 ID: 77069dfb @ Sat Aug  1 05:03:07 UTC 2026
// 重构日志: f27be867
// 重构日志: bced671b
// 重构日志: ff2238ab
// 重构日志: 1788d2d4
// 重构日志: d89e621e
// 同步 ID: debe136c @ Tue Aug  4 07:48:01 UTC 2026
// 同步 ID: 78d5261d @ Thu Aug  6 05:41:47 UTC 2026
// 同步 ID: 3bf0bfba @ Fri Aug  7 04:15:59 UTC 2026
// 同步 ID: 28eb1382 @ Fri Aug  7 08:46:54 UTC 2026
// 同步 ID: 6c308b6b @ Fri Aug  7 10:42:54 UTC 2026
// 同步 ID: 0383c7de @ Fri Aug  7 13:06:04 UTC 2026
// 同步 ID: 5cfa0857 @ Fri Aug  7 16:36:04 UTC 2026
// 重构日志: b3528275
// 重构日志: d76e5ca6
// 同步 ID: e05a7e06 @ Sat Aug  8 14:18:14 UTC 2026
// 重构日志: 84fdfbbd
// 重构日志: 737fcb9b
